C:\Users\Iyosh\Documents\git_kadai>git init
Initialized empty Git repository in C:/Users/Iyosh/Documents/git_kadai/.git/

C:\Users\Iyosh\Documents\git_kadai>echo "Hello, World!" >> hello_world.txt

C:\Users\Iyosh\Documents\git_kadai>git add hello_world.txt

C:\Users\Iyosh\Documents\git_kadai>git commit -m "ファイル追加"
[main (root-commit) 7d3b0d7] ファイル追加
 1 file changed, 1 insertion(+)
 create mode 100644 hello_world.txt

C:\Users\Iyosh\Documents\git_kadai>echo "こんにちは、世界" >> hello_world.txt

C:\Users\Iyosh\Documents\git_kadai>git add hello_world.txt

C:\Users\Iyosh\Documents\git_kadai>git commit -m "再追加"
[main cc0f1ea] 再追加
 1 file changed, 2 insertions(+), 1 deletion(-)

C:\Users\Iyosh\Documents\git_kadai>git log --oneline
cc0f1ea (HEAD -> main) 再追加
7d3b0d7 ファイル追加
